This is pdfTeX, Version 3.141592653-2.6-1.40.28 (MiKTeX 25.12) (preloaded format=pdflatex.fmt)
 restricted \write18 enabled.
entering extended mode
(main.tex
LaTeX2e <2025-11-01>
L3 programming layer <2025-12-24>
(preamble.tex
(C:\Users\integ\AppData\Local\Programs\MiKTeX\tex/latex/base\article.cls
Document Class: article 2025/01/22 v1.4n Standard LaTeX document class
(C:\Users\integ\AppData\Local\Programs\MiKTeX\tex/latex/base\size11.clo))
(C:\Users\integ\AppData\Local\Programs\MiKTeX\tex/latex/geometry\geometry.sty
(C:\Users\integ\AppData\Local\Programs\MiKTeX\tex/latex/graphics\keyval.sty)
(C:\Users\integ\AppData\Local\Programs\MiKTeX\tex/generic/iftex\ifvtex.sty
(C:\Users\integ\AppData\Local\Programs\MiKTeX\tex/generic/iftex\iftex.sty))
(C:\Users\integ\AppData\Local\Programs\MiKTeX\tex/latex/geometry\geometry.cfg))
(C:\Users\integ\AppData\Local\Programs\MiKTeX\tex/latex/graphics\graphicx.sty
(C:\Users\integ\AppData\Local\Programs\MiKTeX\tex/latex/graphics\graphics.sty
(C:\Users\integ\AppData\Local\Programs\MiKTeX\tex/latex/graphics\trig.sty)
(C:\Users\integ\AppData\Local\Programs\MiKTeX\tex/latex/graphics-cfg\graphics.c
fg)
(C:\Users\integ\AppData\Local\Programs\MiKTeX\tex/latex/graphics-def\pdftex.def
))) (C:\Users\integ\AppData\Local\Programs\MiKTeX\tex/latex/amsmath\amsmath.sty
For additional information on amsmath, use the `?' option.
(C:\Users\integ\AppData\Local\Programs\MiKTeX\tex/latex/amsmath\amstext.sty
(C:\Users\integ\AppData\Local\Programs\MiKTeX\tex/latex/amsmath\amsgen.sty))
(C:\Users\integ\AppData\Local\Programs\MiKTeX\tex/latex/amsmath\amsbsy.sty)
(C:\Users\integ\AppData\Local\Programs\MiKTeX\tex/latex/amsmath\amsopn.sty))
(C:\Users\integ\AppData\Local\Programs\MiKTeX\tex/latex/amsfonts\amssymb.sty
(C:\Users\integ\AppData\Local\Programs\MiKTeX\tex/latex/amsfonts\amsfonts.sty))
 (C:\Users\integ\AppData\Local\Programs\MiKTeX\tex/latex/booktabs\booktabs.sty)
 (C:\Users\integ\AppData\Local\Programs\MiKTeX\tex/latex/tools\array.sty)
(C:\Users\integ\AppData\Local\Programs\MiKTeX\tex/latex/xcolor\xcolor.sty
(C:\Users\integ\AppData\Local\Programs\MiKTeX\tex/latex/graphics-cfg\color.cfg)
(C:\Users\integ\AppData\Local\Programs\MiKTeX\tex/latex/graphics\mathcolor.ltx)
)
(C:\Users\integ\AppData\Local\Programs\MiKTeX\tex/latex/pgf/frontendlayer\tikz.
sty
(C:\Users\integ\AppData\Local\Programs\MiKTeX\tex/latex/pgf/basiclayer\pgf.sty
(C:\Users\integ\AppData\Local\Programs\MiKTeX\tex/latex/pgf/utilities\pgfrcs.st
y
(C:\Users\integ\AppData\Local\Programs\MiKTeX\tex/generic/pgf/utilities\pgfutil
-common.tex)
(C:\Users\integ\AppData\Local\Programs\MiKTeX\tex/generic/pgf/utilities\pgfutil
-latex.def)
(C:\Users\integ\AppData\Local\Programs\MiKTeX\tex/generic/pgf/utilities\pgfrcs.
code.tex
(C:\Users\integ\AppData\Local\Programs\MiKTeX\tex/generic/pgf\pgf.revision.tex)
))
(C:\Users\integ\AppData\Local\Programs\MiKTeX\tex/latex/pgf/basiclayer\pgfcore.
sty
(C:\Users\integ\AppData\Local\Programs\MiKTeX\tex/latex/pgf/systemlayer\pgfsys.
sty
(C:\Users\integ\AppData\Local\Programs\MiKTeX\tex/generic/pgf/systemlayer\pgfsy
s.code.tex
(C:\Users\integ\AppData\Local\Programs\MiKTeX\tex/generic/pgf/utilities\pgfkeys
.code.tex
(C:\Users\integ\AppData\Local\Programs\MiKTeX\tex/generic/pgf/utilities\pgfkeys
libraryfiltered.code.tex))
(C:\Users\integ\AppData\Local\Programs\MiKTeX\tex/generic/pgf/systemlayer\pgf.c
fg)
(C:\Users\integ\AppData\Local\Programs\MiKTeX\tex/generic/pgf/systemlayer\pgfsy
s-pdftex.def
(C:\Users\integ\AppData\Local\Programs\MiKTeX\tex/generic/pgf/systemlayer\pgfsy
s-common-pdf.def)))
(C:\Users\integ\AppData\Local\Programs\MiKTeX\tex/generic/pgf/systemlayer\pgfsy
ssoftpath.code.tex)
(C:\Users\integ\AppData\Local\Programs\MiKTeX\tex/generic/pgf/systemlayer\pgfsy
sprotocol.code.tex))
(C:\Users\integ\AppData\Local\Programs\MiKTeX\tex/generic/pgf/basiclayer\pgfcor
e.code.tex
(C:\Users\integ\AppData\Local\Programs\MiKTeX\tex/generic/pgf/math\pgfmath.code
.tex
(C:\Users\integ\AppData\Local\Programs\MiKTeX\tex/generic/pgf/math\pgfmathutil.
code.tex)
(C:\Users\integ\AppData\Local\Programs\MiKTeX\tex/generic/pgf/math\pgfmathparse
r.code.tex)
(C:\Users\integ\AppData\Local\Programs\MiKTeX\tex/generic/pgf/math\pgfmathfunct
ions.code.tex)
(C:\Users\integ\AppData\Local\Programs\MiKTeX\tex/generic/pgf/math\pgfmathfunct
ions.basic.code.tex)
(C:\Users\integ\AppData\Local\Programs\MiKTeX\tex/generic/pgf/math\pgfmathfunct
ions.trigonometric.code.tex)
(C:\Users\integ\AppData\Local\Programs\MiKTeX\tex/generic/pgf/math\pgfmathfunct
ions.random.code.tex)
(C:\Users\integ\AppData\Local\Programs\MiKTeX\tex/generic/pgf/math\pgfmathfunct
ions.comparison.code.tex)
(C:\Users\integ\AppData\Local\Programs\MiKTeX\tex/generic/pgf/math\pgfmathfunct
ions.base.code.tex)
(C:\Users\integ\AppData\Local\Programs\MiKTeX\tex/generic/pgf/math\pgfmathfunct
ions.round.code.tex)
(C:\Users\integ\AppData\Local\Programs\MiKTeX\tex/generic/pgf/math\pgfmathfunct
ions.misc.code.tex)
(C:\Users\integ\AppData\Local\Programs\MiKTeX\tex/generic/pgf/math\pgfmathfunct
ions.integerarithmetics.code.tex)
(C:\Users\integ\AppData\Local\Programs\MiKTeX\tex/generic/pgf/math\pgfmathcalc.
code.tex)
(C:\Users\integ\AppData\Local\Programs\MiKTeX\tex/generic/pgf/math\pgfmathfloat
.code.tex))
(C:\Users\integ\AppData\Local\Programs\MiKTeX\tex/generic/pgf/math\pgfint.code.
tex)
(C:\Users\integ\AppData\Local\Programs\MiKTeX\tex/generic/pgf/basiclayer\pgfcor
epoints.code.tex)
(C:\Users\integ\AppData\Local\Programs\MiKTeX\tex/generic/pgf/basiclayer\pgfcor
epathconstruct.code.tex)
(C:\Users\integ\AppData\Local\Programs\MiKTeX\tex/generic/pgf/basiclayer\pgfcor
epathusage.code.tex)
(C:\Users\integ\AppData\Local\Programs\MiKTeX\tex/generic/pgf/basiclayer\pgfcor
escopes.code.tex)
(C:\Users\integ\AppData\Local\Programs\MiKTeX\tex/generic/pgf/basiclayer\pgfcor
egraphicstate.code.tex)
(C:\Users\integ\AppData\Local\Programs\MiKTeX\tex/generic/pgf/basiclayer\pgfcor
etransformations.code.tex)
(C:\Users\integ\AppData\Local\Programs\MiKTeX\tex/generic/pgf/basiclayer\pgfcor
equick.code.tex)
(C:\Users\integ\AppData\Local\Programs\MiKTeX\tex/generic/pgf/basiclayer\pgfcor
eobjects.code.tex)
(C:\Users\integ\AppData\Local\Programs\MiKTeX\tex/generic/pgf/basiclayer\pgfcor
epathprocessing.code.tex)
(C:\Users\integ\AppData\Local\Programs\MiKTeX\tex/generic/pgf/basiclayer\pgfcor
earrows.code.tex)
(C:\Users\integ\AppData\Local\Programs\MiKTeX\tex/generic/pgf/basiclayer\pgfcor
eshade.code.tex)
(C:\Users\integ\AppData\Local\Programs\MiKTeX\tex/generic/pgf/basiclayer\pgfcor
eimage.code.tex)
(C:\Users\integ\AppData\Local\Programs\MiKTeX\tex/generic/pgf/basiclayer\pgfcor
eexternal.code.tex)
(C:\Users\integ\AppData\Local\Programs\MiKTeX\tex/generic/pgf/basiclayer\pgfcor
elayers.code.tex)
(C:\Users\integ\AppData\Local\Programs\MiKTeX\tex/generic/pgf/basiclayer\pgfcor
etransparency.code.tex)
(C:\Users\integ\AppData\Local\Programs\MiKTeX\tex/generic/pgf/basiclayer\pgfcor
epatterns.code.tex)
(C:\Users\integ\AppData\Local\Programs\MiKTeX\tex/generic/pgf/basiclayer\pgfcor
erdf.code.tex)))
(C:\Users\integ\AppData\Local\Programs\MiKTeX\tex/generic/pgf/modules\pgfmodule
shapes.code.tex)
(C:\Users\integ\AppData\Local\Programs\MiKTeX\tex/generic/pgf/modules\pgfmodule
plot.code.tex)
(C:\Users\integ\AppData\Local\Programs\MiKTeX\tex/latex/pgf/compatibility\pgfco
mp-version-0-65.sty)
(C:\Users\integ\AppData\Local\Programs\MiKTeX\tex/latex/pgf/compatibility\pgfco
mp-version-1-18.sty))
(C:\Users\integ\AppData\Local\Programs\MiKTeX\tex/latex/pgf/utilities\pgffor.st
y
(C:\Users\integ\AppData\Local\Programs\MiKTeX\tex/latex/pgf/utilities\pgfkeys.s
ty
(C:\Users\integ\AppData\Local\Programs\MiKTeX\tex/generic/pgf/utilities\pgfkeys
.code.tex))
(C:\Users\integ\AppData\Local\Programs\MiKTeX\tex/latex/pgf/math\pgfmath.sty
(C:\Users\integ\AppData\Local\Programs\MiKTeX\tex/generic/pgf/math\pgfmath.code
.tex))
(C:\Users\integ\AppData\Local\Programs\MiKTeX\tex/generic/pgf/utilities\pgffor.
code.tex))
(C:\Users\integ\AppData\Local\Programs\MiKTeX\tex/generic/pgf/frontendlayer/tik
z\tikz.code.tex
(C:\Users\integ\AppData\Local\Programs\MiKTeX\tex/generic/pgf/libraries\pgflibr
aryplothandlers.code.tex)
(C:\Users\integ\AppData\Local\Programs\MiKTeX\tex/generic/pgf/modules\pgfmodule
matrix.code.tex)
(C:\Users\integ\AppData\Local\Programs\MiKTeX\tex/generic/pgf/frontendlayer/tik
z/libraries\tikzlibrarytopaths.code.tex)))
(C:\Users\integ\AppData\Local\Programs\MiKTeX\tex/latex/hyperref\hyperref.sty
(C:\Users\integ\AppData\Local\Programs\MiKTeX\tex/latex/kvsetkeys\kvsetkeys.sty
)
(C:\Users\integ\AppData\Local\Programs\MiKTeX\tex/generic/kvdefinekeys\kvdefine
keys.sty)
(C:\Users\integ\AppData\Local\Programs\MiKTeX\tex/generic/pdfescape\pdfescape.s
ty
(C:\Users\integ\AppData\Local\Programs\MiKTeX\tex/generic/ltxcmds\ltxcmds.sty)
(C:\Users\integ\AppData\Local\Programs\MiKTeX\tex/generic/pdftexcmds\pdftexcmds
.sty
(C:\Users\integ\AppData\Local\Programs\MiKTeX\tex/generic/infwarerr\infwarerr.s
ty)))
(C:\Users\integ\AppData\Local\Programs\MiKTeX\tex/latex/hycolor\hycolor.sty)
(C:\Users\integ\AppData\Local\Programs\MiKTeX\tex/latex/hyperref\nameref.sty
(C:\Users\integ\AppData\Local\Programs\MiKTeX\tex/latex/refcount\refcount.sty)
(C:\Users\integ\AppData\Local\Programs\MiKTeX\tex/generic/gettitlestring\gettit
lestring.sty
(C:\Users\integ\AppData\Local\Programs\MiKTeX\tex/latex/kvoptions\kvoptions.sty
)))
(C:\Users\integ\AppData\Local\Programs\MiKTeX\tex/latex/etoolbox\etoolbox.sty)
(C:\Users\integ\AppData\Local\Programs\MiKTeX\tex/generic/stringenc\stringenc.s
ty) (C:\Users\integ\AppData\Local\Programs\MiKTeX\tex/latex/hyperref\pd1enc.def
) (C:\Users\integ\AppData\Local\Programs\MiKTeX\tex/generic/intcalc\intcalc.sty
) (C:\Users\integ\AppData\Local\Programs\MiKTeX\tex/latex/hyperref\puenc.def)
(C:\Users\integ\AppData\Local\Programs\MiKTeX\tex/latex/url\url.sty)
(C:\Users\integ\AppData\Local\Programs\MiKTeX\tex/generic/bitset\bitset.sty
(C:\Users\integ\AppData\Local\Programs\MiKTeX\tex/generic/bigintcalc\bigintcalc
.sty)))
(C:\Users\integ\AppData\Local\Programs\MiKTeX\tex/latex/hyperref\hpdftex.def
(C:\Users\integ\AppData\Local\Programs\MiKTeX\tex/latex/rerunfilecheck\rerunfil
echeck.sty
(C:\Users\integ\AppData\Local\Programs\MiKTeX\tex/generic/uniquecounter\uniquec
ounter.sty)))
(C:\Users\integ\AppData\Local\Programs\MiKTeX\tex/latex/cleveref\cleveref.sty)
==> First Aid for cleveref.sty applied!
(C:\Users\integ\AppData\Local\Programs\MiKTeX\tex/latex/epigraph\epigraph.sty
(C:\Users\integ\AppData\Local\Programs\MiKTeX\tex/latex/nextpage\nextpage.sty))
 (C:\Users\integ\AppData\Local\Programs\MiKTeX\tex/latex/natbib\natbib.sty)
(C:\Users\integ\AppData\Local\Programs\MiKTeX\tex/latex/tools\xspace.sty))
(C:\Users\integ\AppData\Local\Programs\MiKTeX\tex/latex/l3backend\l3backend-pdf
tex.def) (main.aux)
*geometry* driver: auto-detecting
*geometry* detected driver: pdftex

(C:\Users\integ\AppData\Local\Programs\MiKTeX\tex/context/base/mkii\supp-pdf.mk
ii
[Loading MPS to PDF converter (version 2006.09.02).]
)
(C:\Users\integ\AppData\Local\Programs\MiKTeX\tex/latex/epstopdf-pkg\epstopdf-b
ase.sty
(C:\Users\integ\AppData\Local\Programs\MiKTeX\tex/latex/00miktex\epstopdf-sys.c
fg)) (main.out) (main.out)
(C:\Users\integ\AppData\Local\Programs\MiKTeX\tex/latex/amsfonts\umsa.fd)
(C:\Users\integ\AppData\Local\Programs\MiKTeX\tex/latex/amsfonts\umsb.fd)
(sections/01_introduction.tex

Package natbib Warning: Citation `llull2013cacti' on page 1 undefined on input 
line 29.


Overfull \hbox (14.70699pt too wide) in paragraph at lines 27--37
\OT1/cmr/m/n/10.95 (CASSI), coded aper-ture com-pres-sive tem-po-ral imag-ing (
CACTI) \OT1/cmr/bx/n/10.95 ?\OT1/cmr/m/n/10.95 , single-pixel cam-eras (SPC) []
[]Duarte
[1{C:/Users/integ/AppData/Local/MiKTeX/fonts/map/pdftex/pdftex.map}] [2])
(sections/02_problem.tex [3] [4]) (sections/03_framework.tex [5] [6] [7]
Underfull \hbox (badness 1281) in paragraph at lines 230--235
[]|\OT1/cmr/m/n/10.95 Standard op-er-at-ing pro-ce-dures (SOPs) are

Underfull \hbox (badness 1320) in paragraph at lines 235--239
\OT1/cmr/m/n/10.95 out hu-man in-ter-ven-tion. LIP-Arena runs
) (sections/04_architecture.tex [8] [9] [10]
Underfull \hbox (badness 4699) in paragraph at lines 171--173
\OT1/cmr/m/n/10.95 de-ploy-ment con-di-tion where

Underfull \hbox (badness 1655) in paragraph at lines 171--173
\OT1/cmr/m/n/10.95 the nom-i-nal op-er-a-tor dif-fers

Underfull \hbox (badness 2884) in paragraph at lines 177--179
[]|\OT1/cmr/m/n/10.95 Partial or-a-cle bound: true

Underfull \hbox (badness 1448) in paragraph at lines 177--179
\OT1/cmr/m/n/10.95 iso-lat-ing the mask con-tri-bu-
[11] [12]
Overfull \hbox (1.65176pt too wide) in paragraph at lines 299--303
[]\OT1/cmr/bx/n/10.95 Diagnose\OT1/cmr/m/n/10.95 : Given mis-matched mea-sure-m
ents, iden-tify which mis-match pa-ram-e-ters are present
[13] [14]) (sections/05_triad.tex [15]) (sections/06_agents.tex [16]
Overfull \hbox (33.04688pt too wide) in paragraph at lines 43--47
 []\OT1/cmr/bx/n/10.95 PlanAgent.[] \OT1/cmr/m/n/10.95 Parses user in-tent, map
s the re-quest to a reg-is-tered modal-ity, and builds the \OT1/cmtt/m/n/10.95 
ImagingSystem
[17]) (sections/07_evidence.tex

Package natbib Warning: Citation `llull2013cacti' on page 18 undefined on input
 line 41.


Package natbib Warning: Citation `zbontar2018fastmri' on page 18 undefined on i
nput line 45.


Package natbib Warning: Citation `maiden2009ptychography' on page 18 undefined 
on input line 46.


Overfull \hbox (16.1686pt too wide) in paragraph at lines 28--49
 [][] 

Package natbib Warning: Citation `chen2017redcnn' on page 18 undefined on input
 line 52.

[18]

Package natbib Warning: Citation `llull2013cacti' on page 19 undefined on input
 line 86.


Package natbib Warning: Citation `wang2023efficientsci' on page 19 undefined on
 input line 86.

[19]
Overfull \hbox (31.18846pt too wide) in paragraph at lines 154--169
 [][] 
[20]) (sections/08_reproducibility.tex [21]) (sections/09_roadmap.tex [22]
Overfull \hbox (138.50815pt too wide) in paragraph at lines 28--33
\OT1/cmr/m/n/10.95 a-tor tells us al-most noth-ing about de-ploy-ment fi-delity
. The four-scenario pro-to-col (Ideal/Assumed/Corrected/Oracle Mask)
[23] [24]
Overfull \hbox (9.11009pt too wide) in paragraph at lines 213--216
[]\OT1/cmr/bx/n/10.95 Calibration-as-a-service API \OT1/cmr/m/n/10.95 --- up-lo
ad raw sen-sor data, re-ceive a cal-i-brated \OT1/cmtt/m/n/10.95 OperatorGraph
[25]) (sections/10_call_to_action.tex) (sections/11_conclusion.tex [26]
Overfull \hbox (2.79132pt too wide) in paragraph at lines 27--30
[]\OT1/cmr/bx/n/10.95 64 modal-i-ties \OT1/cmr/m/n/10.95 for-mal-ized as com-po
s-able \OT1/cmtt/m/n/10.95 OperatorGraph \OT1/cmr/m/n/10.95 tem-plates, each en
-cod-ing the physics
) (main.bbl [27] [28])

Package natbib Warning: There were undefined citations.

[29] (main.aux) )
(see the transcript file for additional information) <C:\Users\integ\AppData\Lo
cal\MiKTeX\fonts/pk/ljfour/jknappen/ec/dpi600\tcrm1095.pk><C:/Users/integ/AppDa
ta/Local/Programs/MiKTeX/fonts/type1/public/amsfonts/cm/cmbx10.pfb><C:/Users/in
teg/AppData/Local/Programs/MiKTeX/fonts/type1/public/amsfonts/cm/cmbx12.pfb><C:
/Users/integ/AppData/Local/Programs/MiKTeX/fonts/type1/public/amsfonts/cm/cmbx8
.pfb><C:/Users/integ/AppData/Local/Programs/MiKTeX/fonts/type1/public/amsfonts/
cm/cmex10.pfb><C:/Users/integ/AppData/Local/Programs/MiKTeX/fonts/type1/public/
amsfonts/cm/cmmi10.pfb><C:/Users/integ/AppData/Local/Programs/MiKTeX/fonts/type
1/public/amsfonts/cm/cmmi8.pfb><C:/Users/integ/AppData/Local/Programs/MiKTeX/fo
nts/type1/public/amsfonts/cm/cmmib10.pfb><C:/Users/integ/AppData/Local/Programs
/MiKTeX/fonts/type1/public/amsfonts/cm/cmr10.pfb><C:/Users/integ/AppData/Local/
Programs/MiKTeX/fonts/type1/public/amsfonts/cm/cmr12.pfb><C:/Users/integ/AppDat
a/Local/Programs/MiKTeX/fonts/type1/public/amsfonts/cm/cmr17.pfb><C:/Users/inte
g/AppData/Local/Programs/MiKTeX/fonts/type1/public/amsfonts/cm/cmr6.pfb><C:/Use
rs/integ/AppData/Local/Programs/MiKTeX/fonts/type1/public/amsfonts/cm/cmr8.pfb>
<C:/Users/integ/AppData/Local/Programs/MiKTeX/fonts/type1/public/amsfonts/cm/cm
r9.pfb><C:/Users/integ/AppData/Local/Programs/MiKTeX/fonts/type1/public/amsfont
s/cm/cmss10.pfb><C:/Users/integ/AppData/Local/Programs/MiKTeX/fonts/type1/publi
c/amsfonts/cm/cmss8.pfb><C:/Users/integ/AppData/Local/Programs/MiKTeX/fonts/typ
e1/public/amsfonts/cm/cmsy10.pfb><C:/Users/integ/AppData/Local/Programs/MiKTeX/
fonts/type1/public/amsfonts/cm/cmsy8.pfb><C:/Users/integ/AppData/Local/Programs
/MiKTeX/fonts/type1/public/amsfonts/cm/cmsy9.pfb><C:/Users/integ/AppData/Local/
Programs/MiKTeX/fonts/type1/public/amsfonts/cm/cmti10.pfb><C:/Users/integ/AppDa
ta/Local/Programs/MiKTeX/fonts/type1/public/amsfonts/cm/cmtt10.pfb><C:/Users/in
teg/AppData/Local/Programs/MiKTeX/fonts/type1/public/amsfonts/cm/cmtt12.pfb>
Output written on main.pdf (29 pages, 452762 bytes).
Transcript written on main.log.
pdflatex: major issue: So far, you have not checked for MiKTeX updates.
