This is pdfTeX, Version 3.141592653-2.6-1.40.28 (MiKTeX 25.12) (preloaded format=pdflatex 2026.2.18)  9 MAR 2026 09:21
entering extended mode
 restricted \write18 enabled.
 %&-line parsing enabled.
**./main.tex
(main.tex
LaTeX2e <2025-11-01>
L3 programming layer <2025-12-24>
(preamble.tex
(C:\Users\integ\AppData\Local\Programs\MiKTeX\tex/latex/base\article.cls
Document Class: article 2025/01/22 v1.4n Standard LaTeX document class
(C:\Users\integ\AppData\Local\Programs\MiKTeX\tex/latex/base\size11.clo
File: size11.clo 2025/01/22 v1.4n Standard LaTeX file (size option)
)
\c@part=\count275
\c@section=\count276
\c@subsection=\count277
\c@subsubsection=\count278
\c@paragraph=\count279
\c@subparagraph=\count280
\c@figure=\count281
\c@table=\count282
\abovecaptionskip=\skip49
\belowcaptionskip=\skip50
\bibindent=\dimen148
)
(C:\Users\integ\AppData\Local\Programs\MiKTeX\tex/latex/geometry\geometry.sty
Package: geometry 2020/01/02 v5.9 Page Geometry

(C:\Users\integ\AppData\Local\Programs\MiKTeX\tex/latex/graphics\keyval.sty
Package: keyval 2022/05/29 v1.15 key=value parser (DPC)
\KV@toks@=\toks17
)
(C:\Users\integ\AppData\Local\Programs\MiKTeX\tex/generic/iftex\ifvtex.sty
Package: ifvtex 2019/10/25 v1.7 ifvtex legacy package. Use iftex instead.

(C:\Users\integ\AppData\Local\Programs\MiKTeX\tex/generic/iftex\iftex.sty
Package: iftex 2024/12/12 v1.0g TeX engine tests
))
\Gm@cnth=\count283
\Gm@cntv=\count284
\c@Gm@tempcnt=\count285
\Gm@bindingoffset=\dimen149
\Gm@wd@mp=\dimen150
\Gm@odd@mp=\dimen151
\Gm@even@mp=\dimen152
\Gm@layoutwidth=\dimen153
\Gm@layoutheight=\dimen154
\Gm@layouthoffset=\dimen155
\Gm@layoutvoffset=\dimen156
\Gm@dimlist=\toks18

(C:\Users\integ\AppData\Local\Programs\MiKTeX\tex/latex/geometry\geometry.cfg))
(C:\Users\integ\AppData\Local\Programs\MiKTeX\tex/latex/setspace\setspace.sty
Package: setspace 2022/12/04 v6.7b set line spacing
)
(C:\Users\integ\AppData\Local\Programs\MiKTeX\tex/latex/lineno\lineno.sty
Package: lineno 2025/05/13 line numbers on paragraphs v5.5

(C:\Users\integ\AppData\Local\Programs\MiKTeX\tex/latex/etoolbox\etoolbox.sty
Package: etoolbox 2025/10/02 v2.5m e-TeX tools for LaTeX (JAW)
\etb@tempcnta=\count286
)
(C:\Users\integ\AppData\Local\Programs\MiKTeX\tex/latex/kvoptions\kvoptions.sty
Package: kvoptions 2022-06-15 v3.15 Key value format for package options (HO)
(C:\Users\integ\AppData\Local\Programs\MiKTeX\tex/generic/ltxcmds\ltxcmds.sty
Package: ltxcmds 2023-12-04 v1.26 LaTeX kernel commands for general use (HO)
)
(C:\Users\integ\AppData\Local\Programs\MiKTeX\tex/latex/kvsetkeys\kvsetkeys.sty
Package: kvsetkeys 2022-10-05 v1.19 Key value parser (HO)
))
\linenopenalty=\count287
\output=\toks19
\linenoprevgraf=\count288
\linenumbersep=\dimen157
\linenumberwidth=\dimen158
\c@linenumber=\count289
\c@pagewiselinenumber=\count290
\c@LN@truepage=\count291
\c@internallinenumber=\count292
\c@internallinenumbers=\count293
\quotelinenumbersep=\dimen159
\bframerule=\dimen160
\bframesep=\dimen161
\bframebox=\box53
) (C:\Users\integ\AppData\Local\Programs\MiKTeX\tex/latex/amsmath\amsmath.sty
Package: amsmath 2025/07/09 v2.17z AMS math features
\@mathmargin=\skip51
For additional information on amsmath, use the `?' option.
(C:\Users\integ\AppData\Local\Programs\MiKTeX\tex/latex/amsmath\amstext.sty
Package: amstext 2024/11/17 v2.01 AMS text

(C:\Users\integ\AppData\Local\Programs\MiKTeX\tex/latex/amsmath\amsgen.sty
File: amsgen.sty 1999/11/30 v2.0 generic functions
\@emptytoks=\toks20
\ex@=\dimen162
))
(C:\Users\integ\AppData\Local\Programs\MiKTeX\tex/latex/amsmath\amsbsy.sty
Package: amsbsy 1999/11/29 v1.2d Bold Symbols
\pmbraise@=\dimen163
)
(C:\Users\integ\AppData\Local\Programs\MiKTeX\tex/latex/amsmath\amsopn.sty
Package: amsopn 2022/04/08 v2.04 operator names
)
\inf@bad=\count294
LaTeX Info: Redefining \frac on input line 233.
\uproot@=\count295
\leftroot@=\count296
LaTeX Info: Redefining \overline on input line 398.
LaTeX Info: Redefining \colon on input line 409.
\classnum@=\count297
\DOTSCASE@=\count298
LaTeX Info: Redefining \ldots on input line 495.
LaTeX Info: Redefining \dots on input line 498.
LaTeX Info: Redefining \cdots on input line 619.
\Mathstrutbox@=\box54
\strutbox@=\box55
LaTeX Info: Redefining \big on input line 721.
LaTeX Info: Redefining \Big on input line 722.
LaTeX Info: Redefining \bigg on input line 723.
LaTeX Info: Redefining \Bigg on input line 724.
\big@size=\dimen164
LaTeX Font Info:    Redeclaring font encoding OML on input line 742.
LaTeX Font Info:    Redeclaring font encoding OMS on input line 743.
\macc@depth=\count299
LaTeX Info: Redefining \bmod on input line 904.
LaTeX Info: Redefining \pmod on input line 909.
LaTeX Info: Redefining \smash on input line 939.
LaTeX Info: Redefining \relbar on input line 969.
LaTeX Info: Redefining \Relbar on input line 970.
\c@MaxMatrixCols=\count300
\dotsspace@=\muskip17
\c@parentequation=\count301
\dspbrk@lvl=\count302
\tag@help=\toks21
\row@=\count303
\column@=\count304
\maxfields@=\count305
\andhelp@=\toks22
\eqnshift@=\dimen165
\alignsep@=\dimen166
\tagshift@=\dimen167
\tagwidth@=\dimen168
\totwidth@=\dimen169
\lineht@=\dimen170
\@envbody=\toks23
\multlinegap=\skip52
\multlinetaggap=\skip53
\mathdisplay@stack=\toks24
LaTeX Info: Redefining \[ on input line 2950.
LaTeX Info: Redefining \] on input line 2951.
)
\@LN@amsmath@ams@eqpen=\count306

(C:\Users\integ\AppData\Local\Programs\MiKTeX\tex/latex/amsfonts\amssymb.sty
Package: amssymb 2013/01/14 v3.01 AMS font symbols

(C:\Users\integ\AppData\Local\Programs\MiKTeX\tex/latex/amsfonts\amsfonts.sty
Package: amsfonts 2013/01/14 v3.01 Basic AMSFonts support
\symAMSa=\mathgroup4
\symAMSb=\mathgroup5
LaTeX Font Info:    Redeclaring math symbol \hbar on input line 98.
LaTeX Font Info:    Overwriting math alphabet `\mathfrak' in version `bold'
(Font)                  U/euf/m/n --> U/euf/b/n on input line 106.
)) (C:\Users\integ\AppData\Local\Programs\MiKTeX\tex/latex/graphics\graphicx.st
y
Package: graphicx 2024/12/31 v1.2e Enhanced LaTeX Graphics (DPC,SPQR)

(C:\Users\integ\AppData\Local\Programs\MiKTeX\tex/latex/graphics\graphics.sty
Package: graphics 2024/08/06 v1.4g Standard LaTeX Graphics (DPC,SPQR)

(C:\Users\integ\AppData\Local\Programs\MiKTeX\tex/latex/graphics\trig.sty
Package: trig 2023/12/02 v1.11 sin cos tan (DPC)
)
(C:\Users\integ\AppData\Local\Programs\MiKTeX\tex/latex/graphics-cfg\graphics.c
fg
File: graphics.cfg 2016/06/04 v1.11 sample graphics configuration
)
Package graphics Info: Driver file: pdftex.def on input line 106.

(C:\Users\integ\AppData\Local\Programs\MiKTeX\tex/latex/graphics-def\pdftex.def
File: pdftex.def 2025/09/29 v1.2d Graphics/color driver for pdftex
))
\Gin@req@height=\dimen171
\Gin@req@width=\dimen172
)
(C:\Users\integ\AppData\Local\Programs\MiKTeX\tex/latex/caption\subcaption.sty
Package: subcaption 2023/07/28 v1.6b Sub-captions (AR)

(C:\Users\integ\AppData\Local\Programs\MiKTeX\tex/latex/caption\caption.sty
Package: caption 2023/08/05 v3.6o Customizing captions (AR)

(C:\Users\integ\AppData\Local\Programs\MiKTeX\tex/latex/caption\caption3.sty
Package: caption3 2023/07/31 v2.4d caption3 kernel (AR)
\caption@tempdima=\dimen173
\captionmargin=\dimen174
\caption@leftmargin=\dimen175
\caption@rightmargin=\dimen176
\caption@width=\dimen177
\caption@indent=\dimen178
\caption@parindent=\dimen179
\caption@hangindent=\dimen180
Package caption Info: Standard document class detected.
)
\c@caption@flags=\count307
\c@continuedfloat=\count308
)
Package caption Info: New subtype `subfigure' on input line 238.
\c@subfigure=\count309
Package caption Info: New subtype `subtable' on input line 238.
\c@subtable=\count310
) (C:\Users\integ\AppData\Local\Programs\MiKTeX\tex/latex/booktabs\booktabs.sty
Package: booktabs 2020/01/12 v1.61803398 Publication quality tables
\heavyrulewidth=\dimen181
\lightrulewidth=\dimen182
\cmidrulewidth=\dimen183
\belowrulesep=\dimen184
\belowbottomsep=\dimen185
\aboverulesep=\dimen186
\abovetopsep=\dimen187
\cmidrulesep=\dimen188
\cmidrulekern=\dimen189
\defaultaddspace=\dimen190
\@cmidla=\count311
\@cmidlb=\count312
\@aboverulesep=\dimen191
\@belowrulesep=\dimen192
\@thisruleclass=\count313
\@lastruleclass=\count314
\@thisrulewidth=\dimen193
) (C:\Users\integ\AppData\Local\Programs\MiKTeX\tex/latex/multirow\multirow.sty
Package: multirow 2024/11/12 v2.9 Span multiple rows of a table
\multirow@colwidth=\skip54
\multirow@cntb=\count315
\multirow@dima=\skip55
\bigstrutjot=\dimen194
) (C:\Users\integ\AppData\Local\Programs\MiKTeX\tex/latex/tools\array.sty
Package: array 2025/09/25 v2.6n Tabular extension package (FMi)
\col@sep=\dimen195
\ar@mcellbox=\box56
\extrarowheight=\dimen196
\NC@list=\toks25
\extratabsurround=\skip56
\backup@length=\skip57
\ar@cellbox=\box57
)
(C:\Users\integ\AppData\Local\Programs\MiKTeX\tex/latex/xcolor\xcolor.sty
Package: xcolor 2024/09/29 v3.02 LaTeX color extensions (UK)

(C:\Users\integ\AppData\Local\Programs\MiKTeX\tex/latex/graphics-cfg\color.cfg
File: color.cfg 2016/01/02 v1.6 sample color configuration
)
Package xcolor Info: Driver file: pdftex.def on input line 274.
(C:\Users\integ\AppData\Local\Programs\MiKTeX\tex/latex/graphics\mathcolor.ltx)
Package xcolor Info: Model `cmy' substituted by `cmy0' on input line 1349.
Package xcolor Info: Model `hsb' substituted by `rgb' on input line 1353.
Package xcolor Info: Model `RGB' extended on input line 1365.
Package xcolor Info: Model `HTML' substituted by `rgb' on input line 1367.
Package xcolor Info: Model `Hsb' substituted by `hsb' on input line 1368.
Package xcolor Info: Model `tHsb' substituted by `hsb' on input line 1369.
Package xcolor Info: Model `HSB' substituted by `hsb' on input line 1370.
Package xcolor Info: Model `Gray' substituted by `gray' on input line 1371.
Package xcolor Info: Model `wave' substituted by `hsb' on input line 1372.
) (C:\Users\integ\AppData\Local\Programs\MiKTeX\tex/latex/graphics\dvipsnam.def
File: dvipsnam.def 2016/06/17 v3.0m Driver-dependent file (DPC,SPQR)
) (C:\Users\integ\AppData\Local\Programs\MiKTeX\tex/latex/hyperref\hyperref.sty
Package: hyperref 2025-07-12 v7.01o Hypertext links for LaTeX

(C:\Users\integ\AppData\Local\Programs\MiKTeX\tex/generic/kvdefinekeys\kvdefine
keys.sty
Package: kvdefinekeys 2019-12-19 v1.6 Define keys (HO)
)
(C:\Users\integ\AppData\Local\Programs\MiKTeX\tex/generic/pdfescape\pdfescape.s
ty
Package: pdfescape 2019/12/09 v1.15 Implements pdfTeX's escape features (HO)

(C:\Users\integ\AppData\Local\Programs\MiKTeX\tex/generic/pdftexcmds\pdftexcmds
.sty
Package: pdftexcmds 2020-06-27 v0.33 Utility functions of pdfTeX for LuaTeX (HO
)

(C:\Users\integ\AppData\Local\Programs\MiKTeX\tex/generic/infwarerr\infwarerr.s
ty
Package: infwarerr 2019/12/03 v1.5 Providing info/warning/error messages (HO)
)
Package pdftexcmds Info: \pdf@primitive is available.
Package pdftexcmds Info: \pdf@ifprimitive is available.
Package pdftexcmds Info: \pdfdraftmode found.
))
(C:\Users\integ\AppData\Local\Programs\MiKTeX\tex/latex/hycolor\hycolor.sty
Package: hycolor 2020-01-27 v1.10 Color options for hyperref/bookmark (HO)
)
(C:\Users\integ\AppData\Local\Programs\MiKTeX\tex/latex/hyperref\nameref.sty
Package: nameref 2025-06-21 v2.57 Cross-referencing by name of section

(C:\Users\integ\AppData\Local\Programs\MiKTeX\tex/latex/refcount\refcount.sty
Package: refcount 2019/12/15 v3.6 Data extraction from label references (HO)
)
(C:\Users\integ\AppData\Local\Programs\MiKTeX\tex/generic/gettitlestring\gettit
lestring.sty
Package: gettitlestring 2019/12/15 v1.6 Cleanup title references (HO)
)
\c@section@level=\count316
)
(C:\Users\integ\AppData\Local\Programs\MiKTeX\tex/generic/stringenc\stringenc.s
ty
Package: stringenc 2019/11/29 v1.12 Convert strings between diff. encodings (HO
)
)
\@linkdim=\dimen197
\Hy@linkcounter=\count317
\Hy@pagecounter=\count318
 (C:\Users\integ\AppData\Local\Programs\MiKTeX\tex/latex/hyperref\pd1enc.def
File: pd1enc.def 2025-07-12 v7.01o Hyperref: PDFDocEncoding definition (HO)
Now handling font encoding PD1 ...
... no UTF-8 mapping file for font encoding PD1
) (C:\Users\integ\AppData\Local\Programs\MiKTeX\tex/generic/intcalc\intcalc.sty
Package: intcalc 2019/12/15 v1.3 Expandable calculations with integers (HO)
)
\Hy@SavedSpaceFactor=\count319
 (C:\Users\integ\AppData\Local\Programs\MiKTeX\tex/latex/hyperref\puenc.def
File: puenc.def 2025-07-12 v7.01o Hyperref: PDF Unicode definition (HO)
Now handling font encoding PU ...
... no UTF-8 mapping file for font encoding PU
)
Package hyperref Info: Option `colorlinks' set `true' on input line 4066.
Package hyperref Info: Hyper figures OFF on input line 4195.
Package hyperref Info: Link nesting OFF on input line 4200.
Package hyperref Info: Hyper index ON on input line 4203.
Package hyperref Info: Plain pages OFF on input line 4210.
Package hyperref Info: Backreferencing OFF on input line 4215.
Package hyperref Info: Implicit mode ON; LaTeX internals redefined.
Package hyperref Info: Bookmarks ON on input line 4462.
\c@Hy@tempcnt=\count320

(C:\Users\integ\AppData\Local\Programs\MiKTeX\tex/latex/url\url.sty
\Urlmuskip=\muskip18
Package: url 2013/09/16  ver 3.4  Verb mode for urls, etc.
)
LaTeX Info: Redefining \url on input line 4801.
\XeTeXLinkMargin=\dimen198

(C:\Users\integ\AppData\Local\Programs\MiKTeX\tex/generic/bitset\bitset.sty
Package: bitset 2019/12/09 v1.3 Handle bit-vector datatype (HO)

(C:\Users\integ\AppData\Local\Programs\MiKTeX\tex/generic/bigintcalc\bigintcalc
.sty
Package: bigintcalc 2019/12/15 v1.5 Expandable calculations on big integers (HO
)
))
\Fld@menulength=\count321
\Field@Width=\dimen199
\Fld@charsize=\dimen256
Package hyperref Info: Hyper figures OFF on input line 6078.
Package hyperref Info: Link nesting OFF on input line 6083.
Package hyperref Info: Hyper index ON on input line 6086.
Package hyperref Info: backreferencing OFF on input line 6093.
Package hyperref Info: Link coloring ON on input line 6096.
Package hyperref Info: Link coloring with OCG OFF on input line 6103.
Package hyperref Info: PDF/A mode OFF on input line 6108.
\Hy@abspage=\count322
\c@Item=\count323
\c@Hfootnote=\count324
)
Package hyperref Info: Driver (autodetected): hpdftex.

(C:\Users\integ\AppData\Local\Programs\MiKTeX\tex/latex/hyperref\hpdftex.def
File: hpdftex.def 2025-07-12 v7.01o Hyperref driver for pdfTeX
\Fld@listcount=\count325
\c@bookmark@seq@number=\count326

(C:\Users\integ\AppData\Local\Programs\MiKTeX\tex/latex/rerunfilecheck\rerunfil
echeck.sty
Package: rerunfilecheck 2025-06-21 v1.11 Rerun checks for auxiliary files (HO)

(C:\Users\integ\AppData\Local\Programs\MiKTeX\tex/generic/uniquecounter\uniquec
ounter.sty
Package: uniquecounter 2019/12/15 v1.4 Provide unlimited unique counter (HO)
)
Package uniquecounter Info: New unique counter `rerunfilecheck' on input line 2
84.
)
\Hy@SectionHShift=\skip58
)
(C:\Users\integ\AppData\Local\Programs\MiKTeX\tex/latex/cleveref\cleveref.sty
Package: cleveref 2018/03/27 v0.21.4 Intelligent cross-referencing
Package cleveref Info: `hyperref' support loaded on input line 2370.
LaTeX Info: Redefining \cref on input line 2370.
LaTeX Info: Redefining \Cref on input line 2370.
LaTeX Info: Redefining \crefrange on input line 2370.
LaTeX Info: Redefining \Crefrange on input line 2370.
LaTeX Info: Redefining \cpageref on input line 2370.
LaTeX Info: Redefining \Cpageref on input line 2370.
LaTeX Info: Redefining \cpagerefrange on input line 2370.
LaTeX Info: Redefining \Cpagerefrange on input line 2370.
LaTeX Info: Redefining \labelcref on input line 2370.
LaTeX Info: Redefining \labelcpageref on input line 2370.
Package cleveref Info: always capitalise cross-reference names on input line 78
25.
Package cleveref Info: always capitalise cross-reference names on input line 78
52.
Package cleveref Info: no abbreviation of names on input line 7852.
)
==> First Aid for cleveref.sty applied!
(C:\Users\integ\AppData\Local\Programs\MiKTeX\tex/latex/natbib\natbib.sty
Package: natbib 2010/09/13 8.31b (PWD, AO)
\bibhang=\skip59
\bibsep=\skip60
LaTeX Info: Redefining \cite on input line 694.
\c@NAT@ctr=\count327
)
(C:\Users\integ\AppData\Local\Programs\MiKTeX\tex/latex/amscls\amsthm.sty
Package: amsthm 2020/05/29 v2.20.6
\thm@style=\toks26
\thm@bodyfont=\toks27
\thm@headfont=\toks28
\thm@notefont=\toks29
\thm@headpunct=\toks30
\thm@preskip=\skip61
\thm@postskip=\skip62
\thm@headsep=\skip63
\dth@everypar=\toks31
)
\c@theorem=\count328
\c@definition=\count329
)
LaTeX Font Info:    Trying to load font information for U+msa on input line 17.


(C:\Users\integ\AppData\Local\Programs\MiKTeX\tex/latex/amsfonts\umsa.fd
File: umsa.fd 2013/01/14 v3.01 AMS symbols A
)
LaTeX Font Info:    Trying to load font information for U+msb on input line 17.


(C:\Users\integ\AppData\Local\Programs\MiKTeX\tex/latex/amsfonts\umsb.fd
File: umsb.fd 2013/01/14 v3.01 AMS symbols B
)
(C:\Users\integ\AppData\Local\Programs\MiKTeX\tex/latex/l3backend\l3backend-pdf
tex.def
File: l3backend-pdftex.def 2025-10-09 L3 backend support: PDF output (pdfTeX)
\l__color_backend_stack_int=\count330
) (main.aux)
\openout1 = `main.aux'.

LaTeX Font Info:    Checking defaults for OML/cmm/m/it on input line 20.
LaTeX Font Info:    ... okay on input line 20.
LaTeX Font Info:    Checking defaults for OMS/cmsy/m/n on input line 20.
LaTeX Font Info:    ... okay on input line 20.
LaTeX Font Info:    Checking defaults for OT1/cmr/m/n on input line 20.
LaTeX Font Info:    ... okay on input line 20.
LaTeX Font Info:    Checking defaults for T1/cmr/m/n on input line 20.
LaTeX Font Info:    ... okay on input line 20.
LaTeX Font Info:    Checking defaults for TS1/cmr/m/n on input line 20.
LaTeX Font Info:    ... okay on input line 20.
LaTeX Font Info:    Checking defaults for OMX/cmex/m/n on input line 20.
LaTeX Font Info:    ... okay on input line 20.
LaTeX Font Info:    Checking defaults for U/cmr/m/n on input line 20.
LaTeX Font Info:    ... okay on input line 20.
LaTeX Font Info:    Checking defaults for PD1/pdf/m/n on input line 20.
LaTeX Font Info:    ... okay on input line 20.
LaTeX Font Info:    Checking defaults for PU/pdf/m/n on input line 20.
LaTeX Font Info:    ... okay on input line 20.

*geometry* driver: auto-detecting
*geometry* detected driver: pdftex
*geometry* verbose mode - [ preamble ] result:
* driver: pdftex
* paper: <default>
* layout: <same size as paper>
* layoutoffset:(h,v)=(0.0pt,0.0pt)
* modes: 
* h-part:(L,W,R)=(90.47955pt, 433.33589pt, 90.47955pt)
* v-part:(T,H,B)=(72.2698pt, 650.43037pt, 72.2698pt)
* \paperwidth=614.295pt
* \paperheight=794.96999pt
* \textwidth=433.33589pt
* \textheight=650.43037pt
* \oddsidemargin=18.20956pt
* \evensidemargin=18.20956pt
* \topmargin=-37.00018pt
* \headheight=12.0pt
* \headsep=25.0pt
* \topskip=11.0pt
* \footskip=30.0pt
* \marginparwidth=59.0pt
* \marginparsep=10.0pt
* \columnsep=10.0pt
* \skip\footins=10.0pt plus 4.0pt minus 2.0pt
* \hoffset=0.0pt
* \voffset=0.0pt
* \mag=1000
* \@twocolumnfalse
* \@twosidefalse
* \@mparswitchfalse
* \@reversemarginfalse
* (1in=72.27pt=25.4mm, 1cm=28.453pt)


(C:\Users\integ\AppData\Local\Programs\MiKTeX\tex/context/base/mkii\supp-pdf.mk
ii
[Loading MPS to PDF converter (version 2006.09.02).]
\scratchcounter=\count331
\scratchdimen=\dimen257
\scratchbox=\box58
\nofMPsegments=\count332
\nofMParguments=\count333
\everyMPshowfont=\toks32
\MPscratchCnt=\count334
\MPscratchDim=\dimen258
\MPnumerator=\count335
\makeMPintoPDFobject=\count336
\everyMPtoPDFconversion=\toks33
)
(C:\Users\integ\AppData\Local\Programs\MiKTeX\tex/latex/epstopdf-pkg\epstopdf-b
ase.sty
Package: epstopdf-base 2020-01-24 v2.11 Base part for package epstopdf
Package epstopdf-base Info: Redefining graphics rule for `.eps' on input line 4
85.

(C:\Users\integ\AppData\Local\Programs\MiKTeX\tex/latex/00miktex\epstopdf-sys.c
fg
File: epstopdf-sys.cfg 2021/03/18 v2.0 Configuration of epstopdf for MiKTeX
))
Package caption Info: Begin \AtBeginDocument code.
Package caption Info: hyperref package is loaded.
Package caption Info: End \AtBeginDocument code.
Package hyperref Info: Link coloring ON on input line 20.
 (main.out) (main.out)
\@outlinefile=\write3
\openout3 = `main.out'.


Overfull \hbox (43.88722pt too wide) in paragraph at lines 29--30
[]\OT1/cmr/m/n/10 Computational imag-ing systems---from coded-aperture cam-eras
 to cryo-electron microscopes---
 []

[1

{C:/Users/integ/AppData/Local/MiKTeX/fonts/map/pdftex/pdftex.map}] [2]
[3]
Overfull \hbox (8.8615pt too wide) in paragraph at lines 100--101
\OT1/cmr/m/it/10.95 op-er-a-tor norm ($\OMS/cmsy/m/n/10.95 k\OML/cmm/m/it/10.95
 H[]\OMS/cmsy/m/n/10.95 k ^^T \OML/cmm/m/it/10.95 B$\OT1/cmr/m/it/10.95 ) or po
int-wise non-lin-ear with bounded Lip-s-chitz con-stant ($[]\OT1/cmr/m/n/10.95 
(^^C[]) \OMS/cmsy/m/n/10.95 ^^T
 []

[4]
Overfull \hbox (10.4073pt too wide) in paragraph at lines 113--114
\OML/cmm/m/it/10.95 B[]$\OT1/cmr/m/n/10.95 . For non-lin-ear stages, the Lip-s-
chitz com-po-si-tion bound $\OMS/cmsy/m/n/10.95 k\OML/cmm/m/it/10.95 H\OT1/cmr/
m/n/10.95 (\OT1/cmr/bx/n/10.95 x\OT1/cmr/m/n/10.95 ) \OMS/cmsy/m/n/10.95 ^^@ []
\OT1/cmr/m/n/10.95 (\OT1/cmr/bx/n/10.95 x\OT1/cmr/m/n/10.95 )\OMS/cmsy/m/n/10.9
5 k ^^T [][] \OML/cmm/m/it/10.95 "[] [][] ^^M[]$
 []


LaTeX Warning: `h' float specifier changed to `ht'.

[5] [6] [7]
Overfull \hbox (11.6745pt too wide) in paragraph at lines 195--196
[]\OT1/cmr/m/n/10.95 (\OML/cmm/m/it/10.95 C[]; C[]\OT1/cmr/m/n/10.95 )$ in 12/1
2 modal-i-ties; Sup-ple-men-tary Ta-bles S12--S13 con-firm that Gates 1--
 []

[8]
Overfull \hbox (3.00143pt too wide) in paragraph at lines 225--226
\OT1/cmr/m/n/10.95 TV/MST-L]; CACTI: $+10\OML/cmm/m/it/10.95 :\OT1/cmr/m/n/10.9
5 21 \OMS/cmsy/m/n/10.95 ^^F \OT1/cmr/m/n/10.95 0\OML/cmm/m/it/10.95 :\OT1/cmr/
m/n/10.95 85$dB; SPC: $+7\OML/cmm/m/it/10.95 :\OT1/cmr/m/n/10.95 71$/$+10\OML/c
mm/m/it/10.95 :\OT1/cmr/m/n/10.95 38$dB [FISTA-TV/HATNet]; Lens-
 []

[9]
Overfull \hbox (7.58252pt too wide) in paragraph at lines 236--237
 []\OT1/cmr/bx/n/10.95 CASSI real data.[] \OT1/cmr/m/n/10.95 These ex-per-i-men
ts use phys-i-cal mea-sure-ments from hardware-calibrated
 []

[10]
Overfull \hbox (9.58536pt too wide) in paragraph at lines 248--249
 []\OT1/cmr/bx/n/10.95 Fluorescence mi-croscopy.[] \OT1/cmr/m/n/10.95 Dual-PSF 
Stokes-shift imaging---excitation and emis-sion wave-
 []


Overfull \hbox (51.68683pt too wide) in paragraph at lines 248--249
\OT1/cmr/m/n/10.95 lengths pro-duce dis-tinct PSF widths---is val-i-dated un-de
r PSF sigma mis-match of $[0\OML/cmm/m/it/10.95 :\OT1/cmr/m/n/10.95 1\OML/cmm/m
/it/10.95 ; \OT1/cmr/m/n/10.95 0\OML/cmm/m/it/10.95 :\OT1/cmr/m/n/10.95 3\OML/c
mm/m/it/10.95 ; \OT1/cmr/m/n/10.95 0\OML/cmm/m/it/10.95 :\OT1/cmr/m/n/10.95 5\O
ML/cmm/m/it/10.95 ; \OT1/cmr/m/n/10.95 1\OML/cmm/m/it/10.95 :\OT1/cmr/m/n/10.95
 0]$pixels
 []

[11] [12] [13] [14] [15] [16]
Overfull \hbox (0.88287pt too wide) in paragraph at lines 305--306
\OT1/cmr/m/n/10.95 rect-ing mul-ti-ple cou-pled pa-ram-e-ters on a high-dimensi
onal man-i-fold. Single-parameter
 []

[17] [18]
Overfull \hbox (7.72339pt too wide) in paragraph at lines 332--333
\OT1/cmr/m/n/10.95 MRI switches from G3-dominated ($\OML/cmm/m/it/10.95 ^^[[]\O
T1/cmr/m/n/10.95 0\OML/cmm/m/it/10.95 :\OT1/cmr/m/n/10.95 01$, cor-rec-tion gai
ns $+11\OML/cmm/m/it/10.95 :\OT1/cmr/m/n/10.95 2$dB) to G2-dominated
 []

[19]
Overfull \hbox (1.92677pt too wide) in paragraph at lines 360--361
\OT1/cmr/m/n/10.95 im-ple-men-ta-tions, real-data val-i-da-tion scripts, and ev
al-u-a-tion pipelines, is avail-able at [][]$\OT1/cmtt/m/n/10.95 https :
 []

(methods.tex [20] [21]
Overfull \hbox (13.1501pt too wide) in paragraph at lines 113--115
[]\OT1/cmr/bx/n/10.95 Plan for-ward. \OT1/cmr/m/n/10.95 The topo-log-i-cal sort
 yields a se-quen-tial ex-e-cu-tion plan $(\OML/cmm/m/it/10.95 v[]; [] ; v[]\OT
1/cmr/m/n/10.95 )$. 
 []

[22]
Overfull \hbox (2.74835pt too wide) in paragraph at lines 134--142
\OT1/cmr/m/n/10.95 croscopy (SIM), con-fo-cal, light-sheet, holog-ra-phy, pty-c
hog-ra-phy, Fourier pty-cho-graphic
 []


Overfull \hbox (24.96034pt too wide) in paragraph at lines 165--168
[]\OT1/cmr/m/n/10.95 The for-ward model is a lin-ear, spa-tially uni-form opera
tor---
 []


Overfull \hbox (1.43315pt too wide) in paragraph at lines 168--173
[]\OT1/cmr/m/n/10.95 Spatially vary-ing op-er-a-tor pa-ram-e-ters (e.g. non-uni
form
 []


Overfull \hbox (11.52202pt too wide) in paragraph at lines 178--182
[]\OT1/cmr/m/n/10.95 Complete phys-i-cal sim-u-la-tion in-clud-ing wave-optical

 []

[23] [24]
Overfull \hbox (0.74269pt too wide) in paragraph at lines 261--272
 []\OT1/cmr/bx/n/10.95 TriadReport.[] \OT1/cmr/m/n/10.95 For ev-ery di-ag-no-si
s, \OT1/cmr/m/sc/10.95 pwm \OT1/cmr/m/n/10.95 pro-duces a \OT1/cmr/m/sc/10.95 T
ri-adReport\OT1/cmr/m/n/10.95 : a Pydantic-validated
 []

[25]
Overfull \hbox (78.8836pt too wide) in paragraph at lines 312--322
\OT1/cmr/m/n/10.95 cor-rec-tion meth-ods), \OT1/cmtt/m/n/10.95 compression[]db.
yaml \OT1/cmr/m/n/10.95 (re-cov-er-abil-ity ta-bles with prove-nance), \OT1/cmt
t/m/n/10.95 solver[]registry.yaml
 []


Overfull \hbox (33.43887pt too wide) in paragraph at lines 312--322
\OT1/cmr/m/n/10.95 (solver con-fig-u-ra-tions), \OT1/cmtt/m/n/10.95 primitives.
yaml \OT1/cmr/m/n/10.95 (prim-i-tive op-er-a-tor meta-data), \OT1/cmtt/m/n/10.9
5 dataset[]registry.yaml
 []

[26] [27] [28] [29]
Overfull \hbox (2.61734pt too wide) in paragraph at lines 548--563
 []\OT1/cmr/bx/n/10.95 Controlled hard-ware ex-per-i-ment pro-to-col.[] \OT1/cm
r/m/n/10.95 The software-perturbation pro-to-col above
 []

[30] [31] [32] [33]) (main.bbl [34] [35] [36] [37]) [38]
<figures/fig1_overview.pdf, id=491, 686.565pt x 403.9893pt>
File: figures/fig1_overview.pdf Graphic file (type pdf)
<use figures/fig1_overview.pdf>
Package pdftex.def Info: figures/fig1_overview.pdf  used on input line 384.
(pdftex.def)             Requested size: 433.33589pt x 254.9831pt.
<figures/fig2_operatorgraph.pdf, id=496, 424.74388pt x 430.41617pt>
File: figures/fig2_operatorgraph.pdf Graphic file (type pdf)
<use figures/fig2_operatorgraph.pdf>
Package pdftex.def Info: figures/fig2_operatorgraph.pdf  used on input line 397
.
(pdftex.def)             Requested size: 433.33589pt x 439.14346pt.
<figures/fig3_triad.pdf, id=497, 418.00064pt x 311.00027pt>
File: figures/fig3_triad.pdf Graphic file (type pdf)
<use figures/fig3_triad.pdf>
Package pdftex.def Info: figures/fig3_triad.pdf  used on input line 405.
(pdftex.def)             Requested size: 433.33589pt x 322.43134pt.
<figures/fig4_scenario_protocol.pdf, id=498, 449.22667pt x 319.998pt>
File: figures/fig4_scenario_protocol.pdf Graphic file (type pdf)
<use figures/fig4_scenario_protocol.pdf>
Package pdftex.def Info: figures/fig4_scenario_protocol.pdf  used on input line
 413.
(pdftex.def)             Requested size: 433.33589pt x 308.67894pt.
<figures/fig5_hardware.pdf, id=499, 456.4725pt x 397.3199pt>
File: figures/fig5_hardware.pdf Graphic file (type pdf)
<use figures/fig5_hardware.pdf>
Package pdftex.def Info: figures/fig5_hardware.pdf  used on input line 421.
(pdftex.def)             Requested size: 433.33589pt x 377.17894pt.
 [39

 <./figures/fig1_overview.pdf>]

LaTeX Warning: Text page 40 contains only floats.


Overfull \vbox (2.51315pt too high) has occurred while \output is active []


[40 <./figures/fig2_operatorgraph.pdf>] [41 <./figures/fig3_triad.pdf>]
[42 <./figures/fig4_scenario_protocol.pdf>] [43 <./figures/fig5_hardware.pdf>]
Overfull \hbox (49.87233pt too wide) in paragraph at lines 435--452
 [] 
 []

[44

] (main.aux)
 ***********
LaTeX2e <2025-11-01>
L3 programming layer <2025-12-24>
 ***********


LaTeX Warning: Label(s) may have changed. Rerun to get cross-references right.

Package rerunfilecheck Info: File `main.out' has not changed.
(rerunfilecheck)             Checksum: D41D8CD98F00B204E9800998ECF8427E;0.
 ) 
Here is how much of TeX's memory you used:
 15265 strings out of 467870
 253270 string characters out of 5418355
 701292 words of memory out of 5000000
 43707 multiletter control sequences out of 15000+600000
 646503 words of font info for 110 fonts, out of 8000000 for 9000
 1141 hyphenation exceptions out of 8191
 74i,14n,87p,2444b,646s stack positions out of 10000i,1000n,20000p,200000b,200000s

pdfTeX warning (dest): name{theorem.3} has been referenced but does not exist, 
replaced by a fixed one

 <C:\Users\integ\AppData\Local\MiKTeX\fonts/pk/ljfour/jknappen/ec/dpi600\tcrm10
95.pk> <C:\Users\integ\AppData\Local\MiKTeX\fonts/pk/ljfour/jknappen/ec/dpi600\
tcrm0600.pk><C:/Users/integ/AppData/Local/Programs/MiKTeX/fonts/type1/public/am
sfonts/cm/cmbx10.pfb><C:/Users/integ/AppData/Local/Programs/MiKTeX/fonts/type1/
public/amsfonts/cm/cmbx12.pfb><C:/Users/integ/AppData/Local/Programs/MiKTeX/fon
ts/type1/public/amsfonts/cm/cmbx8.pfb><C:/Users/integ/AppData/Local/Programs/Mi
KTeX/fonts/type1/public/amsfonts/cm/cmcsc10.pfb><C:/Users/integ/AppData/Local/P
rograms/MiKTeX/fonts/type1/public/amsfonts/cm/cmex10.pfb><C:/Users/integ/AppDat
a/Local/Programs/MiKTeX/fonts/type1/public/amsfonts/cm/cmmi10.pfb><C:/Users/int
eg/AppData/Local/Programs/MiKTeX/fonts/type1/public/amsfonts/cm/cmmi8.pfb><C:/U
sers/integ/AppData/Local/Programs/MiKTeX/fonts/type1/public/amsfonts/cm/cmmi9.p
fb><C:/Users/integ/AppData/Local/Programs/MiKTeX/fonts/type1/public/amsfonts/cm
/cmmib10.pfb><C:/Users/integ/AppData/Local/Programs/MiKTeX/fonts/type1/public/a
msfonts/cm/cmr10.pfb><C:/Users/integ/AppData/Local/Programs/MiKTeX/fonts/type1/
public/amsfonts/cm/cmr12.pfb><C:/Users/integ/AppData/Local/Programs/MiKTeX/font
s/type1/public/amsfonts/cm/cmr17.pfb><C:/Users/integ/AppData/Local/Programs/MiK
TeX/fonts/type1/public/amsfonts/cm/cmr6.pfb><C:/Users/integ/AppData/Local/Progr
ams/MiKTeX/fonts/type1/public/amsfonts/cm/cmr7.pfb><C:/Users/integ/AppData/Loca
l/Programs/MiKTeX/fonts/type1/public/amsfonts/cm/cmr8.pfb><C:/Users/integ/AppDa
ta/Local/Programs/MiKTeX/fonts/type1/public/amsfonts/cm/cmr9.pfb><C:/Users/inte
g/AppData/Local/Programs/MiKTeX/fonts/type1/public/amsfonts/cm/cmss8.pfb><C:/Us
ers/integ/AppData/Local/Programs/MiKTeX/fonts/type1/public/amsfonts/cm/cmsy10.p
fb><C:/Users/integ/AppData/Local/Programs/MiKTeX/fonts/type1/public/amsfonts/cm
/cmsy6.pfb><C:/Users/integ/AppData/Local/Programs/MiKTeX/fonts/type1/public/ams
fonts/cm/cmsy7.pfb><C:/Users/integ/AppData/Local/Programs/MiKTeX/fonts/type1/pu
blic/amsfonts/cm/cmsy8.pfb><C:/Users/integ/AppData/Local/Programs/MiKTeX/fonts/
type1/public/amsfonts/cm/cmti10.pfb><C:/Users/integ/AppData/Local/Programs/MiKT
eX/fonts/type1/public/amsfonts/cm/cmtt10.pfb><C:/Users/integ/AppData/Local/Prog
rams/MiKTeX/fonts/type1/public/amsfonts/cm/cmtt9.pfb><C:/Users/integ/AppData/Lo
cal/Programs/MiKTeX/fonts/type1/public/amsfonts/symbols/msam10.pfb><C:/Users/in
teg/AppData/Local/Programs/MiKTeX/fonts/type1/public/amsfonts/symbols/msbm10.pf
b>
Output written on main.pdf (44 pages, 791281 bytes).
PDF statistics:
 910 PDF objects out of 1000 (max. 8388607)
 244 named destinations out of 1000 (max. 500000)
 26 words of extra memory for PDF output out of 10000 (max. 10000000)

